21:36:43 **** Clean-only build of configuration Debug for project STM32G474RETX ****
make -j16 clean 
rm -rf  default.size.stdout  STM32G474RETX.list  STM32G474RETX.elf  ./Src/nucleo_h743zi2/H743ZI2.o  ./Src/nucleo_g474re/G474RE.o  ./Src/common/stm32/util/Random.o ./Src/common/stm32/util/Util.o  ./Src/common/stm32/uart/Log.o ./Src/common/stm32/uart/UART.o  ./Src/common/stm32/timer/Timer.o  ./Src/common/stm32/mcu/Errors.o ./Src/common/stm32/mcu/Init.o ./Src/common/stm32/mcu/InitSTM32G474.o ./Src/common/stm32/mcu/InitSTM32H743.o ./Src/common/stm32/mcu/MCU.o  ./Src/common/stm32/gpio/GPIOAltFunc.o ./Src/common/stm32/gpio/GPIOITInput.o ./Src/common/stm32/gpio/GPIOInput.o ./Src/common/stm32/gpio/GPIOOutput.o  ./Drivers/STM32G4/System/startup_stm32g474retx.o ./Drivers/STM32G4/System/system_stm32g4xx.o  ./Drivers/STM32G4/STM32G4xx_HAL_Driver/Src/stm32g4xx_hal.o ./Drivers/STM32G4/STM32G4xx_HAL_Driver/Src/stm32g4xx_hal_cortex.o ./Drivers/STM32G4/STM32G4xx_HAL_Driver/Src/stm32g4xx_hal_dma.o ./Drivers/STM32G4/STM32G4xx_HAL_Driver/Src/stm32g4xx_hal_dma_ex.o ./Drivers/STM32G4/STM32G4xx_HAL_Driver/Src/stm32g4xx_hal_exti.o ./Drivers/STM32G4/STM32G4xx_HAL_Driver/Src/stm32g4xx_hal_flash.o ./Drivers/STM32G4/STM32G4xx_HAL_Driver/Src/stm32g4xx_hal_flash_ex.o ./Drivers/STM32G4/STM32G4xx_HAL_Driver/Src/stm32g4xx_hal_flash_ramfunc.o ./Drivers/STM32G4/STM32G4xx_HAL_Driver/Src/stm32g4xx_hal_gpio.o ./Drivers/STM32G4/STM32G4xx_HAL_Driver/Src/stm32g4xx_hal_pwr.o ./Drivers/STM32G4/STM32G4xx_HAL_Driver/Src/stm32g4xx_hal_pwr_ex.o ./Drivers/STM32G4/STM32G4xx_HAL_Driver/Src/stm32g4xx_hal_rcc.o ./Drivers/STM32G4/STM32G4xx_HAL_Driver/Src/stm32g4xx_hal_rcc_ex.o ./Drivers/STM32G4/STM32G4xx_HAL_Driver/Src/stm32g4xx_hal_rng.o ./Drivers/STM32G4/STM32G4xx_HAL_Driver/Src/stm32g4xx_hal_tim.o ./Drivers/STM32G4/STM32G4xx_HAL_Driver/Src/stm32g4xx_hal_tim_ex.o ./Drivers/STM32G4/STM32G4xx_HAL_Driver/Src/stm32g4xx_hal_uart.o ./Drivers/STM32G4/STM32G4xx_HAL_Driver/Src/stm32g4xx_hal_uart_ex.o  ./Drivers/Common/System/it.o ./Drivers/Common/System/sysmem.o  ./Drivers/STM32G4/System/startup_stm32g474retx.d  ./Src/nucleo_h743zi2/H743ZI2.d  ./Src/nucleo_g474re/G474RE.d  ./Src/common/stm32/util/Random.d ./Src/common/stm32/util/Util.d  ./Src/common/stm32/uart/Log.d ./Src/common/stm32/uart/UART.d  ./Src/common/stm32/timer/Timer.d  ./Src/common/stm32/mcu/Errors.d ./Src/common/stm32/mcu/Init.d ./Src/common/stm32/mcu/InitSTM32G474.d ./Src/common/stm32/mcu/InitSTM32H743.d ./Src/common/stm32/mcu/MCU.d  ./Src/common/stm32/gpio/GPIOAltFunc.d ./Src/common/stm32/gpio/GPIOITInput.d ./Src/common/stm32/gpio/GPIOInput.d ./Src/common/stm32/gpio/GPIOOutput.d  ./Drivers/STM32G4/System/system_stm32g4xx.d  ./Drivers/STM32G4/STM32G4xx_HAL_Driver/Src/stm32g4xx_hal.d ./Drivers/STM32G4/STM32G4xx_HAL_Driver/Src/stm32g4xx_hal_cortex.d ./Drivers/STM32G4/STM32G4xx_HAL_Driver/Src/stm32g4xx_hal_dma.d ./Drivers/STM32G4/STM32G4xx_HAL_Driver/Src/stm32g4xx_hal_dma_ex.d ./Drivers/STM32G4/STM32G4xx_HAL_Driver/Src/stm32g4xx_hal_exti.d ./Drivers/STM32G4/STM32G4xx_HAL_Driver/Src/stm32g4xx_hal_flash.d ./Drivers/STM32G4/STM32G4xx_HAL_Driver/Src/stm32g4xx_hal_flash_ex.d ./Drivers/STM32G4/STM32G4xx_HAL_Driver/Src/stm32g4xx_hal_flash_ramfunc.d ./Drivers/STM32G4/STM32G4xx_HAL_Driver/Src/stm32g4xx_hal_gpio.d ./Drivers/STM32G4/STM32G4xx_HAL_Driver/Src/stm32g4xx_hal_pwr.d ./Drivers/STM32G4/STM32G4xx_HAL_Driver/Src/stm32g4xx_hal_pwr_ex.d ./Drivers/STM32G4/STM32G4xx_HAL_Driver/Src/stm32g4xx_hal_rcc.d ./Drivers/STM32G4/STM32G4xx_HAL_Driver/Src/stm32g4xx_hal_rcc_ex.d ./Drivers/STM32G4/STM32G4xx_HAL_Driver/Src/stm32g4xx_hal_rng.d ./Drivers/STM32G4/STM32G4xx_HAL_Driver/Src/stm32g4xx_hal_tim.d ./Drivers/STM32G4/STM32G4xx_HAL_Driver/Src/stm32g4xx_hal_tim_ex.d ./Drivers/STM32G4/STM32G4xx_HAL_Driver/Src/stm32g4xx_hal_uart.d ./Drivers/STM32G4/STM32G4xx_HAL_Driver/Src/stm32g4xx_hal_uart_ex.d  ./Drivers/Common/System/it.d ./Drivers/Common/System/sysmem.d  STM32G474RETX.bin  STM32G474RETX.elf
 
21:36:44 **** Incremental Build of configuration Debug for project STM32G474RETX ****
make -j16 all 
arm-none-eabi-gcc "C:/Users/sjd30/Downloads/Firmware/Src/nucleo_h743zi2/H743ZI2.c" -mcpu=cortex-m4 -std=gnu11 -g3 -DUSE_HAL_DRIVER -DSTM32G4 -DSTM32G474xx -DUSE_FULL_ASSERT -DDEBUG -c -I../../../Drivers/Common/CMSIS -I../../../Drivers/STM32G4/CMSIS -I../../../Drivers/STM32G4/STM32G4xx_HAL_Driver/Inc -I../../../Drivers/STM32G4/System -I../../../Src -O0 -ffunction-sections -fdata-sections -Wall -Wmissing-include-dirs -Wswitch-default -fstack-usage -MMD -MP -MF"Src/nucleo_h743zi2/H743ZI2.d" -MT"Src/nucleo_h743zi2/H743ZI2.o" --specs=nano.specs -mfpu=fpv4-sp-d16 -mfloat-abi=hard -mthumb -o "Src/nucleo_h743zi2/H743ZI2.o"
arm-none-eabi-gcc "C:/Users/sjd30/Downloads/Firmware/Src/nucleo_g474re/G474RE.c" -mcpu=cortex-m4 -std=gnu11 -g3 -DUSE_HAL_DRIVER -DSTM32G4 -DSTM32G474xx -DUSE_FULL_ASSERT -DDEBUG -c -I../../../Drivers/Common/CMSIS -I../../../Drivers/STM32G4/CMSIS -I../../../Drivers/STM32G4/STM32G4xx_HAL_Driver/Inc -I../../../Drivers/STM32G4/System -I../../../Src -O0 -ffunction-sections -fdata-sections -Wall -Wmissing-include-dirs -Wswitch-default -fstack-usage -MMD -MP -MF"Src/nucleo_g474re/G474RE.d" -MT"Src/nucleo_g474re/G474RE.o" --specs=nano.specs -mfpu=fpv4-sp-d16 -mfloat-abi=hard -mthumb -o "Src/nucleo_g474re/G474RE.o"
arm-none-eabi-gcc "C:/Users/sjd30/Downloads/Firmware/Src/common/stm32/util/Random.c" -mcpu=cortex-m4 -std=gnu11 -g3 -DUSE_HAL_DRIVER -DSTM32G4 -DSTM32G474xx -DUSE_FULL_ASSERT -DDEBUG -c -I../../../Drivers/Common/CMSIS -I../../../Drivers/STM32G4/CMSIS -I../../../Drivers/STM32G4/STM32G4xx_HAL_Driver/Inc -I../../../Drivers/STM32G4/System -I../../../Src -O0 -ffunction-sections -fdata-sections -Wall -Wmissing-include-dirs -Wswitch-default -fstack-usage -MMD -MP -MF"Src/common/stm32/util/Random.d" -MT"Src/common/stm32/util/Random.o" --specs=nano.specs -mfpu=fpv4-sp-d16 -mfloat-abi=hard -mthumb -o "Src/common/stm32/util/Random.o"
arm-none-eabi-gcc "C:/Users/sjd30/Downloads/Firmware/Src/common/stm32/util/Util.c" -mcpu=cortex-m4 -std=gnu11 -g3 -DUSE_HAL_DRIVER -DSTM32G4 -DSTM32G474xx -DUSE_FULL_ASSERT -DDEBUG -c -I../../../Drivers/Common/CMSIS -I../../../Drivers/STM32G4/CMSIS -I../../../Drivers/STM32G4/STM32G4xx_HAL_Driver/Inc -I../../../Drivers/STM32G4/System -I../../../Src -O0 -ffunction-sections -fdata-sections -Wall -Wmissing-include-dirs -Wswitch-default -fstack-usage -MMD -MP -MF"Src/common/stm32/util/Util.d" -MT"Src/common/stm32/util/Util.o" --specs=nano.specs -mfpu=fpv4-sp-d16 -mfloat-abi=hard -mthumb -o "Src/common/stm32/util/Util.o"
arm-none-eabi-gcc "C:/Users/sjd30/Downloads/Firmware/Src/common/stm32/uart/Log.c" -mcpu=cortex-m4 -std=gnu11 -g3 -DUSE_HAL_DRIVER -DSTM32G4 -DSTM32G474xx -DUSE_FULL_ASSERT -DDEBUG -c -I../../../Drivers/Common/CMSIS -I../../../Drivers/STM32G4/CMSIS -I../../../Drivers/STM32G4/STM32G4xx_HAL_Driver/Inc -I../../../Drivers/STM32G4/System -I../../../Src -O0 -ffunction-sections -fdata-sections -Wall -Wmissing-include-dirs -Wswitch-default -fstack-usage -MMD -MP -MF"Src/common/stm32/uart/Log.d" -MT"Src/common/stm32/uart/Log.o" --specs=nano.specs -mfpu=fpv4-sp-d16 -mfloat-abi=hard -mthumb -o "Src/common/stm32/uart/Log.o"
arm-none-eabi-gcc "C:/Users/sjd30/Downloads/Firmware/Src/common/stm32/uart/UART.c" -mcpu=cortex-m4 -std=gnu11 -g3 -DUSE_HAL_DRIVER -DSTM32G4 -DSTM32G474xx -DUSE_FULL_ASSERT -DDEBUG -c -I../../../Drivers/Common/CMSIS -I../../../Drivers/STM32G4/CMSIS -I../../../Drivers/STM32G4/STM32G4xx_HAL_Driver/Inc -I../../../Drivers/STM32G4/System -I../../../Src -O0 -ffunction-sections -fdata-sections -Wall -Wmissing-include-dirs -Wswitch-default -fstack-usage -MMD -MP -MF"Src/common/stm32/uart/UART.d" -MT"Src/common/stm32/uart/UART.o" --specs=nano.specs -mfpu=fpv4-sp-d16 -mfloat-abi=hard -mthumb -o "Src/common/stm32/uart/UART.o"
arm-none-eabi-gcc "C:/Users/sjd30/Downloads/Firmware/Src/common/stm32/timer/Timer.c" -mcpu=cortex-m4 -std=gnu11 -g3 -DUSE_HAL_DRIVER -DSTM32G4 -DSTM32G474xx -DUSE_FULL_ASSERT -DDEBUG -c -I../../../Drivers/Common/CMSIS -I../../../Drivers/STM32G4/CMSIS -I../../../Drivers/STM32G4/STM32G4xx_HAL_Driver/Inc -I../../../Drivers/STM32G4/System -I../../../Src -O0 -ffunction-sections -fdata-sections -Wall -Wmissing-include-dirs -Wswitch-default -fstack-usage -MMD -MP -MF"Src/common/stm32/timer/Timer.d" -MT"Src/common/stm32/timer/Timer.o" --specs=nano.specs -mfpu=fpv4-sp-d16 -mfloat-abi=hard -mthumb -o "Src/common/stm32/timer/Timer.o"
arm-none-eabi-gcc "C:/Users/sjd30/Downloads/Firmware/Src/common/stm32/mcu/Errors.c" -mcpu=cortex-m4 -std=gnu11 -g3 -DUSE_HAL_DRIVER -DSTM32G4 -DSTM32G474xx -DUSE_FULL_ASSERT -DDEBUG -c -I../../../Drivers/Common/CMSIS -I../../../Drivers/STM32G4/CMSIS -I../../../Drivers/STM32G4/STM32G4xx_HAL_Driver/Inc -I../../../Drivers/STM32G4/System -I../../../Src -O0 -ffunction-sections -fdata-sections -Wall -Wmissing-include-dirs -Wswitch-default -fstack-usage -MMD -MP -MF"Src/common/stm32/mcu/Errors.d" -MT"Src/common/stm32/mcu/Errors.o" --specs=nano.specs -mfpu=fpv4-sp-d16 -mfloat-abi=hard -mthumb -o "Src/common/stm32/mcu/Errors.o"
arm-none-eabi-gcc "C:/Users/sjd30/Downloads/Firmware/Src/common/stm32/mcu/Init.c" -mcpu=cortex-m4 -std=gnu11 -g3 -DUSE_HAL_DRIVER -DSTM32G4 -DSTM32G474xx -DUSE_FULL_ASSERT -DDEBUG -c -I../../../Drivers/Common/CMSIS -I../../../Drivers/STM32G4/CMSIS -I../../../Drivers/STM32G4/STM32G4xx_HAL_Driver/Inc -I../../../Drivers/STM32G4/System -I../../../Src -O0 -ffunction-sections -fdata-sections -Wall -Wmissing-include-dirs -Wswitch-default -fstack-usage -MMD -MP -MF"Src/common/stm32/mcu/Init.d" -MT"Src/common/stm32/mcu/Init.o" --specs=nano.specs -mfpu=fpv4-sp-d16 -mfloat-abi=hard -mthumb -o "Src/common/stm32/mcu/Init.o"
arm-none-eabi-gcc "C:/Users/sjd30/Downloads/Firmware/Src/common/stm32/mcu/InitSTM32G474.c" -mcpu=cortex-m4 -std=gnu11 -g3 -DUSE_HAL_DRIVER -DSTM32G4 -DSTM32G474xx -DUSE_FULL_ASSERT -DDEBUG -c -I../../../Drivers/Common/CMSIS -I../../../Drivers/STM32G4/CMSIS -I../../../Drivers/STM32G4/STM32G4xx_HAL_Driver/Inc -I../../../Drivers/STM32G4/System -I../../../Src -O0 -ffunction-sections -fdata-sections -Wall -Wmissing-include-dirs -Wswitch-default -fstack-usage -MMD -MP -MF"Src/common/stm32/mcu/InitSTM32G474.d" -MT"Src/common/stm32/mcu/InitSTM32G474.o" --specs=nano.specs -mfpu=fpv4-sp-d16 -mfloat-abi=hard -mthumb -o "Src/common/stm32/mcu/InitSTM32G474.o"
arm-none-eabi-gcc "C:/Users/sjd30/Downloads/Firmware/Src/common/stm32/mcu/InitSTM32H743.c" -mcpu=cortex-m4 -std=gnu11 -g3 -DUSE_HAL_DRIVER -DSTM32G4 -DSTM32G474xx -DUSE_FULL_ASSERT -DDEBUG -c -I../../../Drivers/Common/CMSIS -I../../../Drivers/STM32G4/CMSIS -I../../../Drivers/STM32G4/STM32G4xx_HAL_Driver/Inc -I../../../Drivers/STM32G4/System -I../../../Src -O0 -ffunction-sections -fdata-sections -Wall -Wmissing-include-dirs -Wswitch-default -fstack-usage -MMD -MP -MF"Src/common/stm32/mcu/InitSTM32H743.d" -MT"Src/common/stm32/mcu/InitSTM32H743.o" --specs=nano.specs -mfpu=fpv4-sp-d16 -mfloat-abi=hard -mthumb -o "Src/common/stm32/mcu/InitSTM32H743.o"
arm-none-eabi-gcc "C:/Users/sjd30/Downloads/Firmware/Src/common/stm32/mcu/MCU.c" -mcpu=cortex-m4 -std=gnu11 -g3 -DUSE_HAL_DRIVER -DSTM32G4 -DSTM32G474xx -DUSE_FULL_ASSERT -DDEBUG -c -I../../../Drivers/Common/CMSIS -I../../../Drivers/STM32G4/CMSIS -I../../../Drivers/STM32G4/STM32G4xx_HAL_Driver/Inc -I../../../Drivers/STM32G4/System -I../../../Src -O0 -ffunction-sections -fdata-sections -Wall -Wmissing-include-dirs -Wswitch-default -fstack-usage -MMD -MP -MF"Src/common/stm32/mcu/MCU.d" -MT"Src/common/stm32/mcu/MCU.o" --specs=nano.specs -mfpu=fpv4-sp-d16 -mfloat-abi=hard -mthumb -o "Src/common/stm32/mcu/MCU.o"
arm-none-eabi-gcc "C:/Users/sjd30/Downloads/Firmware/Src/common/stm32/gpio/GPIOAltFunc.c" -mcpu=cortex-m4 -std=gnu11 -g3 -DUSE_HAL_DRIVER -DSTM32G4 -DSTM32G474xx -DUSE_FULL_ASSERT -DDEBUG -c -I../../../Drivers/Common/CMSIS -I../../../Drivers/STM32G4/CMSIS -I../../../Drivers/STM32G4/STM32G4xx_HAL_Driver/Inc -I../../../Drivers/STM32G4/System -I../../../Src -O0 -ffunction-sections -fdata-sections -Wall -Wmissing-include-dirs -Wswitch-default -fstack-usage -MMD -MP -MF"Src/common/stm32/gpio/GPIOAltFunc.d" -MT"Src/common/stm32/gpio/GPIOAltFunc.o" --specs=nano.specs -mfpu=fpv4-sp-d16 -mfloat-abi=hard -mthumb -o "Src/common/stm32/gpio/GPIOAltFunc.o"
arm-none-eabi-gcc "C:/Users/sjd30/Downloads/Firmware/Src/common/stm32/gpio/GPIOITInput.c" -mcpu=cortex-m4 -std=gnu11 -g3 -DUSE_HAL_DRIVER -DSTM32G4 -DSTM32G474xx -DUSE_FULL_ASSERT -DDEBUG -c -I../../../Drivers/Common/CMSIS -I../../../Drivers/STM32G4/CMSIS -I../../../Drivers/STM32G4/STM32G4xx_HAL_Driver/Inc -I../../../Drivers/STM32G4/System -I../../../Src -O0 -ffunction-sections -fdata-sections -Wall -Wmissing-include-dirs -Wswitch-default -fstack-usage -MMD -MP -MF"Src/common/stm32/gpio/GPIOITInput.d" -MT"Src/common/stm32/gpio/GPIOITInput.o" --specs=nano.specs -mfpu=fpv4-sp-d16 -mfloat-abi=hard -mthumb -o "Src/common/stm32/gpio/GPIOITInput.o"
arm-none-eabi-gcc "C:/Users/sjd30/Downloads/Firmware/Src/common/stm32/gpio/GPIOInput.c" -mcpu=cortex-m4 -std=gnu11 -g3 -DUSE_HAL_DRIVER -DSTM32G4 -DSTM32G474xx -DUSE_FULL_ASSERT -DDEBUG -c -I../../../Drivers/Common/CMSIS -I../../../Drivers/STM32G4/CMSIS -I../../../Drivers/STM32G4/STM32G4xx_HAL_Driver/Inc -I../../../Drivers/STM32G4/System -I../../../Src -O0 -ffunction-sections -fdata-sections -Wall -Wmissing-include-dirs -Wswitch-default -fstack-usage -MMD -MP -MF"Src/common/stm32/gpio/GPIOInput.d" -MT"Src/common/stm32/gpio/GPIOInput.o" --specs=nano.specs -mfpu=fpv4-sp-d16 -mfloat-abi=hard -mthumb -o "Src/common/stm32/gpio/GPIOInput.o"
arm-none-eabi-gcc "C:/Users/sjd30/Downloads/Firmware/Src/common/stm32/gpio/GPIOOutput.c" -mcpu=cortex-m4 -std=gnu11 -g3 -DUSE_HAL_DRIVER -DSTM32G4 -DSTM32G474xx -DUSE_FULL_ASSERT -DDEBUG -c -I../../../Drivers/Common/CMSIS -I../../../Drivers/STM32G4/CMSIS -I../../../Drivers/STM32G4/STM32G4xx_HAL_Driver/Inc -I../../../Drivers/STM32G4/System -I../../../Src -O0 -ffunction-sections -fdata-sections -Wall -Wmissing-include-dirs -Wswitch-default -fstack-usage -MMD -MP -MF"Src/common/stm32/gpio/GPIOOutput.d" -MT"Src/common/stm32/gpio/GPIOOutput.o" --specs=nano.specs -mfpu=fpv4-sp-d16 -mfloat-abi=hard -mthumb -o "Src/common/stm32/gpio/GPIOOutput.o"
arm-none-eabi-gcc "C:/Users/sjd30/Downloads/Firmware/Manual_Tests/common/stm32/gpio/GPIOTest.c" -mcpu=cortex-m4 -std=gnu11 -g3 -DUSE_HAL_DRIVER -DSTM32G4 -DSTM32G474xx -DUSE_FULL_ASSERT -DDEBUG -c -I../../../Drivers/Common/CMSIS -I../../../Drivers/STM32G4/CMSIS -I../../../Drivers/STM32G4/STM32G4xx_HAL_Driver/Inc -I../../../Drivers/STM32G4/System -I../../../Src -O0 -ffunction-sections -fdata-sections -Wall -Wmissing-include-dirs -Wswitch-default -fstack-usage -MMD -MP -MF"Manual_Tests/common/stm32/gpio/GPIOTest.d" -MT"Manual_Tests/common/stm32/gpio/GPIOTest.o" --specs=nano.specs -mfpu=fpv4-sp-d16 -mfloat-abi=hard -mthumb -o "Manual_Tests/common/stm32/gpio/GPIOTest.o"
arm-none-eabi-gcc -mcpu=cortex-m4 -g3 -DDEBUG -c -x assembler-with-cpp -MMD -MP -MF"Drivers/STM32G4/System/startup_stm32g474retx.d" -MT"Drivers/STM32G4/System/startup_stm32g474retx.o" --specs=nano.specs -mfpu=fpv4-sp-d16 -mfloat-abi=hard -mthumb -o "Drivers/STM32G4/System/startup_stm32g474retx.o" "C:/Users/sjd30/Downloads/Firmware/Drivers/STM32G4/System/startup_stm32g474retx.s"
arm-none-eabi-gcc "C:/Users/sjd30/Downloads/Firmware/Drivers/STM32G4/System/system_stm32g4xx.c" -mcpu=cortex-m4 -std=gnu11 -g3 -DUSE_HAL_DRIVER -DSTM32G4 -DSTM32G474xx -DUSE_FULL_ASSERT -DDEBUG -c -I../../../Drivers/Common/CMSIS -I../../../Drivers/STM32G4/CMSIS -I../../../Drivers/STM32G4/STM32G4xx_HAL_Driver/Inc -I../../../Drivers/STM32G4/System -I../../../Src -O0 -ffunction-sections -fdata-sections -Wall -Wmissing-include-dirs -Wswitch-default -fstack-usage -MMD -MP -MF"Drivers/STM32G4/System/system_stm32g4xx.d" -MT"Drivers/STM32G4/System/system_stm32g4xx.o" --specs=nano.specs -mfpu=fpv4-sp-d16 -mfloat-abi=hard -mthumb -o "Drivers/STM32G4/System/system_stm32g4xx.o"
arm-none-eabi-gcc "C:/Users/sjd30/Downloads/Firmware/Drivers/STM32G4/STM32G4xx_HAL_Driver/Src/stm32g4xx_hal.c" -mcpu=cortex-m4 -std=gnu11 -g3 -DUSE_HAL_DRIVER -DSTM32G4 -DSTM32G474xx -DUSE_FULL_ASSERT -DDEBUG -c -I../../../Drivers/Common/CMSIS -I../../../Drivers/STM32G4/CMSIS -I../../../Drivers/STM32G4/STM32G4xx_HAL_Driver/Inc -I../../../Drivers/STM32G4/System -I../../../Src -O0 -ffunction-sections -fdata-sections -Wall -Wmissing-include-dirs -Wswitch-default -fstack-usage -MMD -MP -MF"Drivers/STM32G4/STM32G4xx_HAL_Driver/Src/stm32g4xx_hal.d" -MT"Drivers/STM32G4/STM32G4xx_HAL_Driver/Src/stm32g4xx_hal.o" --specs=nano.specs -mfpu=fpv4-sp-d16 -mfloat-abi=hard -mthumb -o "Drivers/STM32G4/STM32G4xx_HAL_Driver/Src/stm32g4xx_hal.o"
arm-none-eabi-gcc "C:/Users/sjd30/Downloads/Firmware/Drivers/STM32G4/STM32G4xx_HAL_Driver/Src/stm32g4xx_hal_cortex.c" -mcpu=cortex-m4 -std=gnu11 -g3 -DUSE_HAL_DRIVER -DSTM32G4 -DSTM32G474xx -DUSE_FULL_ASSERT -DDEBUG -c -I../../../Drivers/Common/CMSIS -I../../../Drivers/STM32G4/CMSIS -I../../../Drivers/STM32G4/STM32G4xx_HAL_Driver/Inc -I../../../Drivers/STM32G4/System -I../../../Src -O0 -ffunction-sections -fdata-sections -Wall -Wmissing-include-dirs -Wswitch-default -fstack-usage -MMD -MP -MF"Drivers/STM32G4/STM32G4xx_HAL_Driver/Src/stm32g4xx_hal_cortex.d" -MT"Drivers/STM32G4/STM32G4xx_HAL_Driver/Src/stm32g4xx_hal_cortex.o" --specs=nano.specs -mfpu=fpv4-sp-d16 -mfloat-abi=hard -mthumb -o "Drivers/STM32G4/STM32G4xx_HAL_Driver/Src/stm32g4xx_hal_cortex.o"
arm-none-eabi-gcc "C:/Users/sjd30/Downloads/Firmware/Drivers/STM32G4/STM32G4xx_HAL_Driver/Src/stm32g4xx_hal_dma.c" -mcpu=cortex-m4 -std=gnu11 -g3 -DUSE_HAL_DRIVER -DSTM32G4 -DSTM32G474xx -DUSE_FULL_ASSERT -DDEBUG -c -I../../../Drivers/Common/CMSIS -I../../../Drivers/STM32G4/CMSIS -I../../../Drivers/STM32G4/STM32G4xx_HAL_Driver/Inc -I../../../Drivers/STM32G4/System -I../../../Src -O0 -ffunction-sections -fdata-sections -Wall -Wmissing-include-dirs -Wswitch-default -fstack-usage -MMD -MP -MF"Drivers/STM32G4/STM32G4xx_HAL_Driver/Src/stm32g4xx_hal_dma.d" -MT"Drivers/STM32G4/STM32G4xx_HAL_Driver/Src/stm32g4xx_hal_dma.o" --specs=nano.specs -mfpu=fpv4-sp-d16 -mfloat-abi=hard -mthumb -o "Drivers/STM32G4/STM32G4xx_HAL_Driver/Src/stm32g4xx_hal_dma.o"
arm-none-eabi-gcc "C:/Users/sjd30/Downloads/Firmware/Drivers/STM32G4/STM32G4xx_HAL_Driver/Src/stm32g4xx_hal_dma_ex.c" -mcpu=cortex-m4 -std=gnu11 -g3 -DUSE_HAL_DRIVER -DSTM32G4 -DSTM32G474xx -DUSE_FULL_ASSERT -DDEBUG -c -I../../../Drivers/Common/CMSIS -I../../../Drivers/STM32G4/CMSIS -I../../../Drivers/STM32G4/STM32G4xx_HAL_Driver/Inc -I../../../Drivers/STM32G4/System -I../../../Src -O0 -ffunction-sections -fdata-sections -Wall -Wmissing-include-dirs -Wswitch-default -fstack-usage -MMD -MP -MF"Drivers/STM32G4/STM32G4xx_HAL_Driver/Src/stm32g4xx_hal_dma_ex.d" -MT"Drivers/STM32G4/STM32G4xx_HAL_Driver/Src/stm32g4xx_hal_dma_ex.o" --specs=nano.specs -mfpu=fpv4-sp-d16 -mfloat-abi=hard -mthumb -o "Drivers/STM32G4/STM32G4xx_HAL_Driver/Src/stm32g4xx_hal_dma_ex.o"
arm-none-eabi-gcc "C:/Users/sjd30/Downloads/Firmware/Drivers/STM32G4/STM32G4xx_HAL_Driver/Src/stm32g4xx_hal_exti.c" -mcpu=cortex-m4 -std=gnu11 -g3 -DUSE_HAL_DRIVER -DSTM32G4 -DSTM32G474xx -DUSE_FULL_ASSERT -DDEBUG -c -I../../../Drivers/Common/CMSIS -I../../../Drivers/STM32G4/CMSIS -I../../../Drivers/STM32G4/STM32G4xx_HAL_Driver/Inc -I../../../Drivers/STM32G4/System -I../../../Src -O0 -ffunction-sections -fdata-sections -Wall -Wmissing-include-dirs -Wswitch-default -fstack-usage -MMD -MP -MF"Drivers/STM32G4/STM32G4xx_HAL_Driver/Src/stm32g4xx_hal_exti.d" -MT"Drivers/STM32G4/STM32G4xx_HAL_Driver/Src/stm32g4xx_hal_exti.o" --specs=nano.specs -mfpu=fpv4-sp-d16 -mfloat-abi=hard -mthumb -o "Drivers/STM32G4/STM32G4xx_HAL_Driver/Src/stm32g4xx_hal_exti.o"
arm-none-eabi-gcc "C:/Users/sjd30/Downloads/Firmware/Drivers/STM32G4/STM32G4xx_HAL_Driver/Src/stm32g4xx_hal_flash.c" -mcpu=cortex-m4 -std=gnu11 -g3 -DUSE_HAL_DRIVER -DSTM32G4 -DSTM32G474xx -DUSE_FULL_ASSERT -DDEBUG -c -I../../../Drivers/Common/CMSIS -I../../../Drivers/STM32G4/CMSIS -I../../../Drivers/STM32G4/STM32G4xx_HAL_Driver/Inc -I../../../Drivers/STM32G4/System -I../../../Src -O0 -ffunction-sections -fdata-sections -Wall -Wmissing-include-dirs -Wswitch-default -fstack-usage -MMD -MP -MF"Drivers/STM32G4/STM32G4xx_HAL_Driver/Src/stm32g4xx_hal_flash.d" -MT"Drivers/STM32G4/STM32G4xx_HAL_Driver/Src/stm32g4xx_hal_flash.o" --specs=nano.specs -mfpu=fpv4-sp-d16 -mfloat-abi=hard -mthumb -o "Drivers/STM32G4/STM32G4xx_HAL_Driver/Src/stm32g4xx_hal_flash.o"
arm-none-eabi-gcc "C:/Users/sjd30/Downloads/Firmware/Drivers/STM32G4/STM32G4xx_HAL_Driver/Src/stm32g4xx_hal_flash_ex.c" -mcpu=cortex-m4 -std=gnu11 -g3 -DUSE_HAL_DRIVER -DSTM32G4 -DSTM32G474xx -DUSE_FULL_ASSERT -DDEBUG -c -I../../../Drivers/Common/CMSIS -I../../../Drivers/STM32G4/CMSIS -I../../../Drivers/STM32G4/STM32G4xx_HAL_Driver/Inc -I../../../Drivers/STM32G4/System -I../../../Src -O0 -ffunction-sections -fdata-sections -Wall -Wmissing-include-dirs -Wswitch-default -fstack-usage -MMD -MP -MF"Drivers/STM32G4/STM32G4xx_HAL_Driver/Src/stm32g4xx_hal_flash_ex.d" -MT"Drivers/STM32G4/STM32G4xx_HAL_Driver/Src/stm32g4xx_hal_flash_ex.o" --specs=nano.specs -mfpu=fpv4-sp-d16 -mfloat-abi=hard -mthumb -o "Drivers/STM32G4/STM32G4xx_HAL_Driver/Src/stm32g4xx_hal_flash_ex.o"
arm-none-eabi-gcc "C:/Users/sjd30/Downloads/Firmware/Drivers/STM32G4/STM32G4xx_HAL_Driver/Src/stm32g4xx_hal_flash_ramfunc.c" -mcpu=cortex-m4 -std=gnu11 -g3 -DUSE_HAL_DRIVER -DSTM32G4 -DSTM32G474xx -DUSE_FULL_ASSERT -DDEBUG -c -I../../../Drivers/Common/CMSIS -I../../../Drivers/STM32G4/CMSIS -I../../../Drivers/STM32G4/STM32G4xx_HAL_Driver/Inc -I../../../Drivers/STM32G4/System -I../../../Src -O0 -ffunction-sections -fdata-sections -Wall -Wmissing-include-dirs -Wswitch-default -fstack-usage -MMD -MP -MF"Drivers/STM32G4/STM32G4xx_HAL_Driver/Src/stm32g4xx_hal_flash_ramfunc.d" -MT"Drivers/STM32G4/STM32G4xx_HAL_Driver/Src/stm32g4xx_hal_flash_ramfunc.o" --specs=nano.specs -mfpu=fpv4-sp-d16 -mfloat-abi=hard -mthumb -o "Drivers/STM32G4/STM32G4xx_HAL_Driver/Src/stm32g4xx_hal_flash_ramfunc.o"
arm-none-eabi-gcc "C:/Users/sjd30/Downloads/Firmware/Drivers/STM32G4/STM32G4xx_HAL_Driver/Src/stm32g4xx_hal_gpio.c" -mcpu=cortex-m4 -std=gnu11 -g3 -DUSE_HAL_DRIVER -DSTM32G4 -DSTM32G474xx -DUSE_FULL_ASSERT -DDEBUG -c -I../../../Drivers/Common/CMSIS -I../../../Drivers/STM32G4/CMSIS -I../../../Drivers/STM32G4/STM32G4xx_HAL_Driver/Inc -I../../../Drivers/STM32G4/System -I../../../Src -O0 -ffunction-sections -fdata-sections -Wall -Wmissing-include-dirs -Wswitch-default -fstack-usage -MMD -MP -MF"Drivers/STM32G4/STM32G4xx_HAL_Driver/Src/stm32g4xx_hal_gpio.d" -MT"Drivers/STM32G4/STM32G4xx_HAL_Driver/Src/stm32g4xx_hal_gpio.o" --specs=nano.specs -mfpu=fpv4-sp-d16 -mfloat-abi=hard -mthumb -o "Drivers/STM32G4/STM32G4xx_HAL_Driver/Src/stm32g4xx_hal_gpio.o"
arm-none-eabi-gcc "C:/Users/sjd30/Downloads/Firmware/Drivers/STM32G4/STM32G4xx_HAL_Driver/Src/stm32g4xx_hal_pwr.c" -mcpu=cortex-m4 -std=gnu11 -g3 -DUSE_HAL_DRIVER -DSTM32G4 -DSTM32G474xx -DUSE_FULL_ASSERT -DDEBUG -c -I../../../Drivers/Common/CMSIS -I../../../Drivers/STM32G4/CMSIS -I../../../Drivers/STM32G4/STM32G4xx_HAL_Driver/Inc -I../../../Drivers/STM32G4/System -I../../../Src -O0 -ffunction-sections -fdata-sections -Wall -Wmissing-include-dirs -Wswitch-default -fstack-usage -MMD -MP -MF"Drivers/STM32G4/STM32G4xx_HAL_Driver/Src/stm32g4xx_hal_pwr.d" -MT"Drivers/STM32G4/STM32G4xx_HAL_Driver/Src/stm32g4xx_hal_pwr.o" --specs=nano.specs -mfpu=fpv4-sp-d16 -mfloat-abi=hard -mthumb -o "Drivers/STM32G4/STM32G4xx_HAL_Driver/Src/stm32g4xx_hal_pwr.o"
arm-none-eabi-gcc "C:/Users/sjd30/Downloads/Firmware/Drivers/STM32G4/STM32G4xx_HAL_Driver/Src/stm32g4xx_hal_pwr_ex.c" -mcpu=cortex-m4 -std=gnu11 -g3 -DUSE_HAL_DRIVER -DSTM32G4 -DSTM32G474xx -DUSE_FULL_ASSERT -DDEBUG -c -I../../../Drivers/Common/CMSIS -I../../../Drivers/STM32G4/CMSIS -I../../../Drivers/STM32G4/STM32G4xx_HAL_Driver/Inc -I../../../Drivers/STM32G4/System -I../../../Src -O0 -ffunction-sections -fdata-sections -Wall -Wmissing-include-dirs -Wswitch-default -fstack-usage -MMD -MP -MF"Drivers/STM32G4/STM32G4xx_HAL_Driver/Src/stm32g4xx_hal_pwr_ex.d" -MT"Drivers/STM32G4/STM32G4xx_HAL_Driver/Src/stm32g4xx_hal_pwr_ex.o" --specs=nano.specs -mfpu=fpv4-sp-d16 -mfloat-abi=hard -mthumb -o "Drivers/STM32G4/STM32G4xx_HAL_Driver/Src/stm32g4xx_hal_pwr_ex.o"
arm-none-eabi-gcc "C:/Users/sjd30/Downloads/Firmware/Drivers/STM32G4/STM32G4xx_HAL_Driver/Src/stm32g4xx_hal_rcc.c" -mcpu=cortex-m4 -std=gnu11 -g3 -DUSE_HAL_DRIVER -DSTM32G4 -DSTM32G474xx -DUSE_FULL_ASSERT -DDEBUG -c -I../../../Drivers/Common/CMSIS -I../../../Drivers/STM32G4/CMSIS -I../../../Drivers/STM32G4/STM32G4xx_HAL_Driver/Inc -I../../../Drivers/STM32G4/System -I../../../Src -O0 -ffunction-sections -fdata-sections -Wall -Wmissing-include-dirs -Wswitch-default -fstack-usage -MMD -MP -MF"Drivers/STM32G4/STM32G4xx_HAL_Driver/Src/stm32g4xx_hal_rcc.d" -MT"Drivers/STM32G4/STM32G4xx_HAL_Driver/Src/stm32g4xx_hal_rcc.o" --specs=nano.specs -mfpu=fpv4-sp-d16 -mfloat-abi=hard -mthumb -o "Drivers/STM32G4/STM32G4xx_HAL_Driver/Src/stm32g4xx_hal_rcc.o"
arm-none-eabi-gcc "C:/Users/sjd30/Downloads/Firmware/Drivers/STM32G4/STM32G4xx_HAL_Driver/Src/stm32g4xx_hal_rcc_ex.c" -mcpu=cortex-m4 -std=gnu11 -g3 -DUSE_HAL_DRIVER -DSTM32G4 -DSTM32G474xx -DUSE_FULL_ASSERT -DDEBUG -c -I../../../Drivers/Common/CMSIS -I../../../Drivers/STM32G4/CMSIS -I../../../Drivers/STM32G4/STM32G4xx_HAL_Driver/Inc -I../../../Drivers/STM32G4/System -I../../../Src -O0 -ffunction-sections -fdata-sections -Wall -Wmissing-include-dirs -Wswitch-default -fstack-usage -MMD -MP -MF"Drivers/STM32G4/STM32G4xx_HAL_Driver/Src/stm32g4xx_hal_rcc_ex.d" -MT"Drivers/STM32G4/STM32G4xx_HAL_Driver/Src/stm32g4xx_hal_rcc_ex.o" --specs=nano.specs -mfpu=fpv4-sp-d16 -mfloat-abi=hard -mthumb -o "Drivers/STM32G4/STM32G4xx_HAL_Driver/Src/stm32g4xx_hal_rcc_ex.o"
arm-none-eabi-gcc "C:/Users/sjd30/Downloads/Firmware/Drivers/STM32G4/STM32G4xx_HAL_Driver/Src/stm32g4xx_hal_rng.c" -mcpu=cortex-m4 -std=gnu11 -g3 -DUSE_HAL_DRIVER -DSTM32G4 -DSTM32G474xx -DUSE_FULL_ASSERT -DDEBUG -c -I../../../Drivers/Common/CMSIS -I../../../Drivers/STM32G4/CMSIS -I../../../Drivers/STM32G4/STM32G4xx_HAL_Driver/Inc -I../../../Drivers/STM32G4/System -I../../../Src -O0 -ffunction-sections -fdata-sections -Wall -Wmissing-include-dirs -Wswitch-default -fstack-usage -MMD -MP -MF"Drivers/STM32G4/STM32G4xx_HAL_Driver/Src/stm32g4xx_hal_rng.d" -MT"Drivers/STM32G4/STM32G4xx_HAL_Driver/Src/stm32g4xx_hal_rng.o" --specs=nano.specs -mfpu=fpv4-sp-d16 -mfloat-abi=hard -mthumb -o "Drivers/STM32G4/STM32G4xx_HAL_Driver/Src/stm32g4xx_hal_rng.o"
arm-none-eabi-gcc "C:/Users/sjd30/Downloads/Firmware/Drivers/STM32G4/STM32G4xx_HAL_Driver/Src/stm32g4xx_hal_tim.c" -mcpu=cortex-m4 -std=gnu11 -g3 -DUSE_HAL_DRIVER -DSTM32G4 -DSTM32G474xx -DUSE_FULL_ASSERT -DDEBUG -c -I../../../Drivers/Common/CMSIS -I../../../Drivers/STM32G4/CMSIS -I../../../Drivers/STM32G4/STM32G4xx_HAL_Driver/Inc -I../../../Drivers/STM32G4/System -I../../../Src -O0 -ffunction-sections -fdata-sections -Wall -Wmissing-include-dirs -Wswitch-default -fstack-usage -MMD -MP -MF"Drivers/STM32G4/STM32G4xx_HAL_Driver/Src/stm32g4xx_hal_tim.d" -MT"Drivers/STM32G4/STM32G4xx_HAL_Driver/Src/stm32g4xx_hal_tim.o" --specs=nano.specs -mfpu=fpv4-sp-d16 -mfloat-abi=hard -mthumb -o "Drivers/STM32G4/STM32G4xx_HAL_Driver/Src/stm32g4xx_hal_tim.o"
arm-none-eabi-gcc "C:/Users/sjd30/Downloads/Firmware/Drivers/STM32G4/STM32G4xx_HAL_Driver/Src/stm32g4xx_hal_tim_ex.c" -mcpu=cortex-m4 -std=gnu11 -g3 -DUSE_HAL_DRIVER -DSTM32G4 -DSTM32G474xx -DUSE_FULL_ASSERT -DDEBUG -c -I../../../Drivers/Common/CMSIS -I../../../Drivers/STM32G4/CMSIS -I../../../Drivers/STM32G4/STM32G4xx_HAL_Driver/Inc -I../../../Drivers/STM32G4/System -I../../../Src -O0 -ffunction-sections -fdata-sections -Wall -Wmissing-include-dirs -Wswitch-default -fstack-usage -MMD -MP -MF"Drivers/STM32G4/STM32G4xx_HAL_Driver/Src/stm32g4xx_hal_tim_ex.d" -MT"Drivers/STM32G4/STM32G4xx_HAL_Driver/Src/stm32g4xx_hal_tim_ex.o" --specs=nano.specs -mfpu=fpv4-sp-d16 -mfloat-abi=hard -mthumb -o "Drivers/STM32G4/STM32G4xx_HAL_Driver/Src/stm32g4xx_hal_tim_ex.o"
arm-none-eabi-gcc "C:/Users/sjd30/Downloads/Firmware/Drivers/STM32G4/STM32G4xx_HAL_Driver/Src/stm32g4xx_hal_uart.c" -mcpu=cortex-m4 -std=gnu11 -g3 -DUSE_HAL_DRIVER -DSTM32G4 -DSTM32G474xx -DUSE_FULL_ASSERT -DDEBUG -c -I../../../Drivers/Common/CMSIS -I../../../Drivers/STM32G4/CMSIS -I../../../Drivers/STM32G4/STM32G4xx_HAL_Driver/Inc -I../../../Drivers/STM32G4/System -I../../../Src -O0 -ffunction-sections -fdata-sections -Wall -Wmissing-include-dirs -Wswitch-default -fstack-usage -MMD -MP -MF"Drivers/STM32G4/STM32G4xx_HAL_Driver/Src/stm32g4xx_hal_uart.d" -MT"Drivers/STM32G4/STM32G4xx_HAL_Driver/Src/stm32g4xx_hal_uart.o" --specs=nano.specs -mfpu=fpv4-sp-d16 -mfloat-abi=hard -mthumb -o "Drivers/STM32G4/STM32G4xx_HAL_Driver/Src/stm32g4xx_hal_uart.o"
arm-none-eabi-gcc "C:/Users/sjd30/Downloads/Firmware/Drivers/STM32G4/STM32G4xx_HAL_Driver/Src/stm32g4xx_hal_uart_ex.c" -mcpu=cortex-m4 -std=gnu11 -g3 -DUSE_HAL_DRIVER -DSTM32G4 -DSTM32G474xx -DUSE_FULL_ASSERT -DDEBUG -c -I../../../Drivers/Common/CMSIS -I../../../Drivers/STM32G4/CMSIS -I../../../Drivers/STM32G4/STM32G4xx_HAL_Driver/Inc -I../../../Drivers/STM32G4/System -I../../../Src -O0 -ffunction-sections -fdata-sections -Wall -Wmissing-include-dirs -Wswitch-default -fstack-usage -MMD -MP -MF"Drivers/STM32G4/STM32G4xx_HAL_Driver/Src/stm32g4xx_hal_uart_ex.d" -MT"Drivers/STM32G4/STM32G4xx_HAL_Driver/Src/stm32g4xx_hal_uart_ex.o" --specs=nano.specs -mfpu=fpv4-sp-d16 -mfloat-abi=hard -mthumb -o "Drivers/STM32G4/STM32G4xx_HAL_Driver/Src/stm32g4xx_hal_uart_ex.o"
arm-none-eabi-gcc "C:/Users/sjd30/Downloads/Firmware/Drivers/Common/System/it.c" -mcpu=cortex-m4 -std=gnu11 -g3 -DUSE_HAL_DRIVER -DSTM32G4 -DSTM32G474xx -DUSE_FULL_ASSERT -DDEBUG -c -I../../../Drivers/Common/CMSIS -I../../../Drivers/STM32G4/CMSIS -I../../../Drivers/STM32G4/STM32G4xx_HAL_Driver/Inc -I../../../Drivers/STM32G4/System -I../../../Src -O0 -ffunction-sections -fdata-sections -Wall -Wmissing-include-dirs -Wswitch-default -fstack-usage -MMD -MP -MF"Drivers/Common/System/it.d" -MT"Drivers/Common/System/it.o" --specs=nano.specs -mfpu=fpv4-sp-d16 -mfloat-abi=hard -mthumb -o "Drivers/Common/System/it.o"
arm-none-eabi-gcc "C:/Users/sjd30/Downloads/Firmware/Drivers/Common/System/sysmem.c" -mcpu=cortex-m4 -std=gnu11 -g3 -DUSE_HAL_DRIVER -DSTM32G4 -DSTM32G474xx -DUSE_FULL_ASSERT -DDEBUG -c -I../../../Drivers/Common/CMSIS -I../../../Drivers/STM32G4/CMSIS -I../../../Drivers/STM32G4/STM32G4xx_HAL_Driver/Inc -I../../../Drivers/STM32G4/System -I../../../Src -O0 -ffunction-sections -fdata-sections -Wall -Wmissing-include-dirs -Wswitch-default -fstack-usage -MMD -MP -MF"Drivers/Common/System/sysmem.d" -MT"Drivers/Common/System/sysmem.o" --specs=nano.specs -mfpu=fpv4-sp-d16 -mfloat-abi=hard -mthumb -o "Drivers/Common/System/sysmem.o"
arm-none-eabi-gcc -o "STM32G474RETX.elf" @"objects.list"   -mcpu=cortex-m4 -T"C:\Users\sjd30\Downloads\Firmware\Projects\STM32G474RETX\STM32G474RETX_FLASH.ld" --specs=nosys.specs -Wl,-Map="STM32G474RETX.map" -Wl,--cref -Wl,--gc-sections -static --specs=nano.specs -mfpu=fpv4-sp-d16 -mfloat-abi=hard -mthumb -u _printf_float -u _scanf_float -Wl,--start-group -lc -lm -Wl,--end-group
Finished building target: STM32G474RETX.elf
 
arm-none-eabi-size   STM32G474RETX.elf 
arm-none-eabi-objdump -h -S  STM32G474RETX.elf  > "STM32G474RETX.list"
arm-none-eabi-objcopy  -O binary  STM32G474RETX.elf  "STM32G474RETX.bin"
   text	   data	    bss	    dec	    hex	filename
  36292	    492	   1700	  38484	   9654	STM32G474RETX.elf
Finished building: default.size.stdout
 
Finished building: STM32G474RETX.bin
 
Finished building: STM32G474RETX.list
 
